{"synthetic": false,
 "schemaVersion": "2025-09-10",
 "outputs":
 {"o": ["dcb6ef4fcbdae1df.olean"],
  "m": false,
  "i": "a440cee494dd5bf6.ilean",
  "c": "413e44023f145d6c.c"},
 "log":
 [{"message":
   ".> LEAN_PATH=/home/shivansh/universe/math_project/.lake/packages/Cli/.lake/build/lib/lean:/home/shivansh/universe/math_project/.lake/packages/batteries/.lake/build/lib/lean:/home/shivansh/universe/math_project/.lake/packages/Qq/.lake/build/lib/lean:/home/shivansh/universe/math_project/.lake/packages/aesop/.lake/build/lib/lean:/home/shivansh/universe/math_project/.lake/packages/proofwidgets/.lake/build/lib/lean:/home/shivansh/universe/math_project/.lake/packages/importGraph/.lake/build/lib/lean:/home/shivansh/universe/math_project/.lake/packages/LeanSearchClient/.lake/build/lib/lean:/home/shivansh/universe/math_project/.lake/packages/plausible/.lake/build/lib/lean:/home/shivansh/universe/math_project/.lake/packages/mathlib/.lake/build/lib/lean:/home/shivansh/universe/math_project/.lake/build/lib/lean /home/shivansh/.elan/toolchains/leanprover--lean4---v4.33.1/bin/lean /home/shivansh/universe/math_project/MathProject/AdversarialTrap.lean -o /home/shivansh/universe/math_project/.lake/build/lib/lean/MathProject/AdversarialTrap.olean -i /home/shivansh/universe/math_project/.lake/build/lib/lean/MathProject/AdversarialTrap.ilean -c /home/shivansh/universe/math_project/.lake/build/ir/MathProject/AdversarialTrap.c --setup /home/shivansh/universe/math_project/.lake/build/ir/MathProject/AdversarialTrap.setup.json --json",
   "level": "trace"}],
 "inputs":
 [["deps",
   [["math_project/MathProject:extraDep",
     [["@math_project:extraDep", "00000000000006bb"]]],
    ["imports",
     [["Mathlib.Data.Set.Finite.Basic transitive imports (legacy)",
       "9c2ca8ed56aa9466"],
      ["Mathlib.Data.Set.Finite.Basic:importAllArts", "d2c527f3e56d55c6"],
      ["Mathlib.Data.Fintype.Basic transitive imports (legacy)",
       "1620aed7f2e026bb"],
      ["Mathlib.Data.Fintype.Basic:importAllArts", "43159205f94a31f8"],
      ["MathProject.OntologicalMachine transitive imports (legacy)",
       "c28e9f8419fec4b0"],
      ["MathProject.OntologicalMachine:importAllArts", "dcf891fff8e34176"],
      ["MathProject.OntologicalFriction transitive imports (legacy)",
       "833122ab792118d1"],
      ["MathProject.OntologicalFriction:importAllArts", "0898f3b15db6131d"]]]]],
  ["libs",
   [["import dynlibs", "00000000000006bb"],
    ["package external libraries", "00000000000006bb"],
    ["module dynlibs", "00000000000006bb"],
    ["module plugins", "00000000000006bb"]]],
  ["Lean 4.33.1, commit 819816b2e0a3bf405af45ae5c7af2491d8f5bee6",
   "0051240b7c23c453"],
  ["/home/shivansh/universe/math_project/MathProject/AdversarialTrap.lean",
   "3cb498a0247745f9"],
  ["options",
   [["-DmaxSynthPendingDepth=3", "c78e353d34de85d4"],
    ["-Dweak.linter.mathlibStandardSet=true", "8a155799906f2b42"],
    ["-DrelaxedAutoImplicit=false", "74a2b5546b55be80"],
    ["-Dpp.unicode.fun=true", "9b94070140457fab"]]],
  ["isModule: false", "feefd2a0d3a1847e"],
  ["Module.name: MathProject.AdversarialTrap", "211580364415b378"],
  ["Package.id?: (some math_project)", "fb112de3ec82b296"],
  ["Module.leanArgs: #[]", "00000000000006bb"]],
 "depHash": "500949003295ee47"}