{"synthetic": false,
 "schemaVersion": "2025-09-10",
 "outputs":
 {"o": ["9d0cf93230ff4e7e.olean"],
  "m": false,
  "i": "ee3ba371bd7edac2.ilean",
  "c": "ef00900692df739e.c"},
 "log":
 [{"message":
   ".> LEAN_PATH=/home/shivansh/universe/math_project/.lake/packages/Cli/.lake/build/lib/lean:/home/shivansh/universe/math_project/.lake/packages/batteries/.lake/build/lib/lean:/home/shivansh/universe/math_project/.lake/packages/Qq/.lake/build/lib/lean:/home/shivansh/universe/math_project/.lake/packages/aesop/.lake/build/lib/lean:/home/shivansh/universe/math_project/.lake/packages/proofwidgets/.lake/build/lib/lean:/home/shivansh/universe/math_project/.lake/packages/importGraph/.lake/build/lib/lean:/home/shivansh/universe/math_project/.lake/packages/LeanSearchClient/.lake/build/lib/lean:/home/shivansh/universe/math_project/.lake/packages/plausible/.lake/build/lib/lean:/home/shivansh/universe/math_project/.lake/packages/mathlib/.lake/build/lib/lean:/home/shivansh/universe/math_project/.lake/build/lib/lean /home/shivansh/.elan/toolchains/leanprover--lean4---v4.33.1/bin/lean /home/shivansh/universe/math_project/MathProject/Basic.lean -o /home/shivansh/universe/math_project/.lake/build/lib/lean/MathProject/Basic.olean -i /home/shivansh/universe/math_project/.lake/build/lib/lean/MathProject/Basic.ilean -c /home/shivansh/universe/math_project/.lake/build/ir/MathProject/Basic.c --setup /home/shivansh/universe/math_project/.lake/build/ir/MathProject/Basic.setup.json --json",
   "level": "trace"}],
 "inputs":
 [["deps",
   [["math_project/MathProject:extraDep",
     [["@math_project:extraDep", "00000000000006bb"]]],
    ["imports", "00000000000006bb"]]],
  ["libs",
   [["import dynlibs", "00000000000006bb"],
    ["package external libraries", "00000000000006bb"],
    ["module dynlibs", "00000000000006bb"],
    ["module plugins", "00000000000006bb"]]],
  ["Lean 4.33.1, commit 819816b2e0a3bf405af45ae5c7af2491d8f5bee6",
   "0051240b7c23c453"],
  ["/home/shivansh/universe/math_project/MathProject/Basic.lean",
   "fb8d37be36883ee0"],
  ["options",
   [["-DmaxSynthPendingDepth=3", "c78e353d34de85d4"],
    ["-Dweak.linter.mathlibStandardSet=true", "8a155799906f2b42"],
    ["-DrelaxedAutoImplicit=false", "74a2b5546b55be80"],
    ["-Dpp.unicode.fun=true", "9b94070140457fab"]]],
  ["isModule: false", "feefd2a0d3a1847e"],
  ["Module.name: MathProject.Basic", "40692dcb267f5d06"],
  ["Package.id?: (some math_project)", "fb112de3ec82b296"],
  ["Module.leanArgs: #[]", "00000000000006bb"]],
 "depHash": "e68fdaa6eb89f64d"}