{"synthetic": false,
 "schemaVersion": "2025-09-10",
 "outputs":
 {"o": ["d87553ec7d0ad819.olean"],
  "m": false,
  "i": "c714426f3e4ad478.ilean",
  "c": "7937263bfc5a42fd.c"},
 "log":
 [{"message":
   ".> LEAN_PATH=/home/shivansh/universe/math_project/.lake/packages/Cli/.lake/build/lib/lean:/home/shivansh/universe/math_project/.lake/packages/batteries/.lake/build/lib/lean:/home/shivansh/universe/math_project/.lake/packages/Qq/.lake/build/lib/lean:/home/shivansh/universe/math_project/.lake/packages/aesop/.lake/build/lib/lean:/home/shivansh/universe/math_project/.lake/packages/proofwidgets/.lake/build/lib/lean:/home/shivansh/universe/math_project/.lake/packages/importGraph/.lake/build/lib/lean:/home/shivansh/universe/math_project/.lake/packages/LeanSearchClient/.lake/build/lib/lean:/home/shivansh/universe/math_project/.lake/packages/plausible/.lake/build/lib/lean:/home/shivansh/universe/math_project/.lake/packages/mathlib/.lake/build/lib/lean:/home/shivansh/universe/math_project/.lake/build/lib/lean /home/shivansh/.elan/toolchains/leanprover--lean4---v4.33.1/bin/lean /home/shivansh/universe/math_project/MathProject/CategoricalColimits.lean -o /home/shivansh/universe/math_project/.lake/build/lib/lean/MathProject/CategoricalColimits.olean -i /home/shivansh/universe/math_project/.lake/build/lib/lean/MathProject/CategoricalColimits.ilean -c /home/shivansh/universe/math_project/.lake/build/ir/MathProject/CategoricalColimits.c --setup /home/shivansh/universe/math_project/.lake/build/ir/MathProject/CategoricalColimits.setup.json --json",
   "level": "trace"}],
 "inputs":
 [["deps",
   [["math_project/MathProject:extraDep",
     [["@math_project:extraDep", "00000000000006bb"]]],
    ["imports",
     [["Mathlib.CategoryTheory.Abelian.Basic transitive imports (legacy)",
       "5e6fa31ec6f16931"],
      ["Mathlib.CategoryTheory.Abelian.Basic:importAllArts",
       "c635515e4ee65186"],
      ["Mathlib.CategoryTheory.Subobject.Basic transitive imports (legacy)",
       "7333928bf8ceffc2"],
      ["Mathlib.CategoryTheory.Subobject.Basic:importAllArts",
       "1034e6cbcd8af58d"],
      ["Mathlib.CategoryTheory.Limits.Shapes.Pullback.HasPullback transitive imports (legacy)",
       "c279b2783a1d5b5a"],
      ["Mathlib.CategoryTheory.Limits.Shapes.Pullback.HasPullback:importAllArts",
       "21aa2b79990e6d47"],
      ["Mathlib.CategoryTheory.Limits.Shapes.ZeroMorphisms transitive imports (legacy)",
       "a2939b267bf12a05"],
      ["Mathlib.CategoryTheory.Limits.Shapes.ZeroMorphisms:importAllArts",
       "15c5cd2f406fa063"],
      ["Mathlib.CategoryTheory.Subobject.Lattice transitive imports (legacy)",
       "c6223c13f94a680d"],
      ["Mathlib.CategoryTheory.Subobject.Lattice:importAllArts",
       "29244dd782df97cb"],
      ["Mathlib.SetTheory.Ordinal.Basic transitive imports (legacy)",
       "a0e460b5b9fba452"],
      ["Mathlib.SetTheory.Ordinal.Basic:importAllArts", "bdf9a2f68fd03a51"],
      ["Mathlib.CategoryTheory.Filtered.Basic transitive imports (legacy)",
       "a0bb3021a07f5555"],
      ["Mathlib.CategoryTheory.Filtered.Basic:importAllArts",
       "9d97599787ccb081"],
      ["MathProject.CategoricalMachine transitive imports (legacy)",
       "854f8fab0954c75f"],
      ["MathProject.CategoricalMachine:importAllArts", "a82e33a9de0bc435"]]]]],
  ["libs",
   [["import dynlibs", "00000000000006bb"],
    ["package external libraries", "00000000000006bb"],
    ["module dynlibs", "00000000000006bb"],
    ["module plugins", "00000000000006bb"]]],
  ["Lean 4.33.1, commit 819816b2e0a3bf405af45ae5c7af2491d8f5bee6",
   "0051240b7c23c453"],
  ["/home/shivansh/universe/math_project/MathProject/CategoricalColimits.lean",
   "43116f0b44644d4a"],
  ["options",
   [["-DmaxSynthPendingDepth=3", "c78e353d34de85d4"],
    ["-Dweak.linter.mathlibStandardSet=true", "8a155799906f2b42"],
    ["-DrelaxedAutoImplicit=false", "74a2b5546b55be80"],
    ["-Dpp.unicode.fun=true", "9b94070140457fab"]]],
  ["isModule: false", "feefd2a0d3a1847e"],
  ["Module.name: MathProject.CategoricalColimits", "9a7f29e931b39ed1"],
  ["Package.id?: (some math_project)", "fb112de3ec82b296"],
  ["Module.leanArgs: #[]", "00000000000006bb"]],
 "depHash": "fab1ad561cd24292"}