{"synthetic": false,
 "schemaVersion": "2025-09-10",
 "outputs":
 {"o": ["f4f4f8331aa11f4d.olean"],
  "m": false,
  "i": "eb620bc551f69f06.ilean",
  "c": "02861887404f8169.c"},
 "log":
 [{"message":
   ".> LEAN_PATH=/home/shivansh/universe/math_project/.lake/packages/Cli/.lake/build/lib/lean:/home/shivansh/universe/math_project/.lake/packages/batteries/.lake/build/lib/lean:/home/shivansh/universe/math_project/.lake/packages/Qq/.lake/build/lib/lean:/home/shivansh/universe/math_project/.lake/packages/aesop/.lake/build/lib/lean:/home/shivansh/universe/math_project/.lake/packages/proofwidgets/.lake/build/lib/lean:/home/shivansh/universe/math_project/.lake/packages/importGraph/.lake/build/lib/lean:/home/shivansh/universe/math_project/.lake/packages/LeanSearchClient/.lake/build/lib/lean:/home/shivansh/universe/math_project/.lake/packages/plausible/.lake/build/lib/lean:/home/shivansh/universe/math_project/.lake/packages/mathlib/.lake/build/lib/lean:/home/shivansh/universe/math_project/.lake/build/lib/lean /home/shivansh/.elan/toolchains/leanprover--lean4---v4.33.1/bin/lean /home/shivansh/universe/math_project/MathProject/CategoricalMachine.lean -o /home/shivansh/universe/math_project/.lake/build/lib/lean/MathProject/CategoricalMachine.olean -i /home/shivansh/universe/math_project/.lake/build/lib/lean/MathProject/CategoricalMachine.ilean -c /home/shivansh/universe/math_project/.lake/build/ir/MathProject/CategoricalMachine.c --setup /home/shivansh/universe/math_project/.lake/build/ir/MathProject/CategoricalMachine.setup.json --json",
   "level": "trace"}],
 "inputs":
 [["deps",
   [["math_project/MathProject:extraDep",
     [["@math_project:extraDep", "00000000000006bb"]]],
    ["imports",
     [["Mathlib.CategoryTheory.Abelian.Basic transitive imports (legacy)",
       "5e6fa31ec6f16931"],
      ["Mathlib.CategoryTheory.Abelian.Basic:importAllArts",
       "c635515e4ee65186"],
      ["Mathlib.CategoryTheory.Subobject.Basic transitive imports (legacy)",
       "7333928bf8ceffc2"],
      ["Mathlib.CategoryTheory.Subobject.Basic:importAllArts",
       "1034e6cbcd8af58d"],
      ["Mathlib.CategoryTheory.Limits.Shapes.Pullback.HasPullback transitive imports (legacy)",
       "c279b2783a1d5b5a"],
      ["Mathlib.CategoryTheory.Limits.Shapes.Pullback.HasPullback:importAllArts",
       "21aa2b79990e6d47"],
      ["Mathlib.CategoryTheory.Limits.Shapes.ZeroMorphisms transitive imports (legacy)",
       "a2939b267bf12a05"],
      ["Mathlib.CategoryTheory.Limits.Shapes.ZeroMorphisms:importAllArts",
       "15c5cd2f406fa063"],
      ["Mathlib.CategoryTheory.Subobject.Lattice transitive imports (legacy)",
       "c6223c13f94a680d"],
      ["Mathlib.CategoryTheory.Subobject.Lattice:importAllArts",
       "29244dd782df97cb"],
      ["Mathlib.CategoryTheory.Limits.Shapes.Pullback.Mono transitive imports (legacy)",
       "df30a7f53375bc35"],
      ["Mathlib.CategoryTheory.Limits.Shapes.Pullback.Mono:importAllArts",
       "e4645dac89055b93"]]]]],
  ["libs",
   [["import dynlibs", "00000000000006bb"],
    ["package external libraries", "00000000000006bb"],
    ["module dynlibs", "00000000000006bb"],
    ["module plugins", "00000000000006bb"]]],
  ["Lean 4.33.1, commit 819816b2e0a3bf405af45ae5c7af2491d8f5bee6",
   "0051240b7c23c453"],
  ["/home/shivansh/universe/math_project/MathProject/CategoricalMachine.lean",
   "b131e39f939f9c9e"],
  ["options",
   [["-DmaxSynthPendingDepth=3", "c78e353d34de85d4"],
    ["-Dweak.linter.mathlibStandardSet=true", "8a155799906f2b42"],
    ["-DrelaxedAutoImplicit=false", "74a2b5546b55be80"],
    ["-Dpp.unicode.fun=true", "9b94070140457fab"]]],
  ["isModule: false", "feefd2a0d3a1847e"],
  ["Module.name: MathProject.CategoricalMachine", "df5b107e89076cda"],
  ["Package.id?: (some math_project)", "fb112de3ec82b296"],
  ["Module.leanArgs: #[]", "00000000000006bb"]],
 "depHash": "33cb456d72988783"}