{"synthetic": false,
 "schemaVersion": "2025-09-10",
 "outputs":
 {"o": ["12d4608e2b835792.olean"],
  "m": false,
  "i": "c69b95304d6ef039.ilean",
  "c": "857a15b65f86fb18.c"},
 "log":
 [{"message":
   ".> LEAN_PATH=/home/shivansh/universe/math_project/.lake/packages/Cli/.lake/build/lib/lean:/home/shivansh/universe/math_project/.lake/packages/batteries/.lake/build/lib/lean:/home/shivansh/universe/math_project/.lake/packages/Qq/.lake/build/lib/lean:/home/shivansh/universe/math_project/.lake/packages/aesop/.lake/build/lib/lean:/home/shivansh/universe/math_project/.lake/packages/proofwidgets/.lake/build/lib/lean:/home/shivansh/universe/math_project/.lake/packages/importGraph/.lake/build/lib/lean:/home/shivansh/universe/math_project/.lake/packages/LeanSearchClient/.lake/build/lib/lean:/home/shivansh/universe/math_project/.lake/packages/plausible/.lake/build/lib/lean:/home/shivansh/universe/math_project/.lake/packages/mathlib/.lake/build/lib/lean:/home/shivansh/universe/math_project/.lake/build/lib/lean /home/shivansh/.elan/toolchains/leanprover--lean4---v4.33.1/bin/lean /home/shivansh/universe/math_project/MathProject/MatroidFriction.lean -o /home/shivansh/universe/math_project/.lake/build/lib/lean/MathProject/MatroidFriction.olean -i /home/shivansh/universe/math_project/.lake/build/lib/lean/MathProject/MatroidFriction.ilean -c /home/shivansh/universe/math_project/.lake/build/ir/MathProject/MatroidFriction.c --setup /home/shivansh/universe/math_project/.lake/build/ir/MathProject/MatroidFriction.setup.json --json",
   "level": "trace"}],
 "inputs":
 [["deps",
   [["math_project/MathProject:extraDep",
     [["@math_project:extraDep", "00000000000006bb"]]],
    ["imports",
     [["Mathlib.Combinatorics.Matroid.Basic transitive imports (legacy)",
       "c704055e3995c97c"],
      ["Mathlib.Combinatorics.Matroid.Basic:importAllArts", "df762bf14f53fa7a"],
      ["Mathlib.Combinatorics.Matroid.Closure transitive imports (legacy)",
       "4864d6c12bf2f12f"],
      ["Mathlib.Combinatorics.Matroid.Closure:importAllArts",
       "12226eeb2b27f142"],
      ["Mathlib.Data.Set.Finite.Basic transitive imports (legacy)",
       "9c2ca8ed56aa9466"],
      ["Mathlib.Data.Set.Finite.Basic:importAllArts", "d2c527f3e56d55c6"],
      ["Mathlib.Data.Fintype.Basic transitive imports (legacy)",
       "1620aed7f2e026bb"],
      ["Mathlib.Data.Fintype.Basic:importAllArts", "43159205f94a31f8"],
      ["Mathlib.Data.Rat.Defs transitive imports (legacy)", "b70b36eb5e7e2342"],
      ["Mathlib.Data.Rat.Defs:importAllArts", "68f8bee471295343"],
      ["Mathlib.Algebra.Field.Rat transitive imports (legacy)",
       "8177f9ab2d899187"],
      ["Mathlib.Algebra.Field.Rat:importAllArts", "630cb56c3675bab8"],
      ["MathProject.OntologicalMachine transitive imports (legacy)",
       "c28e9f8419fec4b0"],
      ["MathProject.OntologicalMachine:importAllArts", "dcf891fff8e34176"],
      ["MathProject.OntologicalFriction transitive imports (legacy)",
       "833122ab792118d1"],
      ["MathProject.OntologicalFriction:importAllArts", "0898f3b15db6131d"]]]]],
  ["libs",
   [["import dynlibs", "00000000000006bb"],
    ["package external libraries", "00000000000006bb"],
    ["module dynlibs", "00000000000006bb"],
    ["module plugins", "00000000000006bb"]]],
  ["Lean 4.33.1, commit 819816b2e0a3bf405af45ae5c7af2491d8f5bee6",
   "0051240b7c23c453"],
  ["/home/shivansh/universe/math_project/MathProject/MatroidFriction.lean",
   "4aa24d6050c8f262"],
  ["options",
   [["-DmaxSynthPendingDepth=3", "c78e353d34de85d4"],
    ["-Dweak.linter.mathlibStandardSet=true", "8a155799906f2b42"],
    ["-DrelaxedAutoImplicit=false", "74a2b5546b55be80"],
    ["-Dpp.unicode.fun=true", "9b94070140457fab"]]],
  ["isModule: false", "feefd2a0d3a1847e"],
  ["Module.name: MathProject.MatroidFriction", "73f43073d7b8e34f"],
  ["Package.id?: (some math_project)", "fb112de3ec82b296"],
  ["Module.leanArgs: #[]", "00000000000006bb"]],
 "depHash": "ec0ec8521611b385"}