{"synthetic": false,
 "schemaVersion": "2025-09-10",
 "outputs":
 {"o": ["ca639978700b0850.olean"],
  "m": false,
  "i": "a6fecb1342913cd9.ilean",
  "c": "934a26d19cc35d61.c"},
 "log":
 [{"message":
   ".> LEAN_PATH=/home/shivansh/universe/math_project/.lake/packages/Cli/.lake/build/lib/lean:/home/shivansh/universe/math_project/.lake/packages/batteries/.lake/build/lib/lean:/home/shivansh/universe/math_project/.lake/packages/Qq/.lake/build/lib/lean:/home/shivansh/universe/math_project/.lake/packages/aesop/.lake/build/lib/lean:/home/shivansh/universe/math_project/.lake/packages/proofwidgets/.lake/build/lib/lean:/home/shivansh/universe/math_project/.lake/packages/importGraph/.lake/build/lib/lean:/home/shivansh/universe/math_project/.lake/packages/LeanSearchClient/.lake/build/lib/lean:/home/shivansh/universe/math_project/.lake/packages/plausible/.lake/build/lib/lean:/home/shivansh/universe/math_project/.lake/packages/mathlib/.lake/build/lib/lean:/home/shivansh/universe/math_project/.lake/build/lib/lean /home/shivansh/.elan/toolchains/leanprover--lean4---v4.33.1/bin/lean /home/shivansh/universe/math_project/MathProject/OntologicalMachine.lean -o /home/shivansh/universe/math_project/.lake/build/lib/lean/MathProject/OntologicalMachine.olean -i /home/shivansh/universe/math_project/.lake/build/lib/lean/MathProject/OntologicalMachine.ilean -c /home/shivansh/universe/math_project/.lake/build/ir/MathProject/OntologicalMachine.c --setup /home/shivansh/universe/math_project/.lake/build/ir/MathProject/OntologicalMachine.setup.json --json",
   "level": "trace"}],
 "inputs":
 [["deps",
   [["math_project/MathProject:extraDep",
     [["@math_project:extraDep", "00000000000006bb"]]],
    ["imports",
     [["Mathlib.Order.Closure transitive imports (legacy)", "43b72c8abb986939"],
      ["Mathlib.Order.Closure:importAllArts", "8d1fbe133078805d"],
      ["Mathlib.Order.WellFounded transitive imports (legacy)",
       "3b65b4634b66ded4"],
      ["Mathlib.Order.WellFounded:importAllArts", "4685557c0dd5caad"]]]]],
  ["libs",
   [["import dynlibs", "00000000000006bb"],
    ["package external libraries", "00000000000006bb"],
    ["module dynlibs", "00000000000006bb"],
    ["module plugins", "00000000000006bb"]]],
  ["Lean 4.33.1, commit 819816b2e0a3bf405af45ae5c7af2491d8f5bee6",
   "0051240b7c23c453"],
  ["/home/shivansh/universe/math_project/MathProject/OntologicalMachine.lean",
   "49c6ff1d06ce1655"],
  ["options",
   [["-DmaxSynthPendingDepth=3", "c78e353d34de85d4"],
    ["-Dweak.linter.mathlibStandardSet=true", "8a155799906f2b42"],
    ["-DrelaxedAutoImplicit=false", "74a2b5546b55be80"],
    ["-Dpp.unicode.fun=true", "9b94070140457fab"]]],
  ["isModule: false", "feefd2a0d3a1847e"],
  ["Module.name: MathProject.OntologicalMachine", "7a51665277fd0c95"],
  ["Package.id?: (some math_project)", "fb112de3ec82b296"],
  ["Module.leanArgs: #[]", "00000000000006bb"]],
 "depHash": "244092b523f7586e"}