{"synthetic": false,
 "schemaVersion": "2025-09-10",
 "outputs":
 {"o": ["83f3ca7d3868c345.olean"],
  "m": false,
  "i": "3d366a6abdfeca00.ilean",
  "c": "b10750731c3dec0e.c"},
 "log":
 [{"message":
   ".> LEAN_PATH=/home/shivansh/universe/math_project/.lake/packages/Cli/.lake/build/lib/lean:/home/shivansh/universe/math_project/.lake/packages/batteries/.lake/build/lib/lean:/home/shivansh/universe/math_project/.lake/packages/Qq/.lake/build/lib/lean:/home/shivansh/universe/math_project/.lake/packages/aesop/.lake/build/lib/lean:/home/shivansh/universe/math_project/.lake/packages/proofwidgets/.lake/build/lib/lean:/home/shivansh/universe/math_project/.lake/packages/importGraph/.lake/build/lib/lean:/home/shivansh/universe/math_project/.lake/packages/LeanSearchClient/.lake/build/lib/lean:/home/shivansh/universe/math_project/.lake/packages/plausible/.lake/build/lib/lean:/home/shivansh/universe/math_project/.lake/packages/mathlib/.lake/build/lib/lean:/home/shivansh/universe/math_project/.lake/build/lib/lean /home/shivansh/.elan/toolchains/leanprover--lean4---v4.33.1/bin/lean /home/shivansh/universe/math_project/MathProject/OntologicalFriction.lean -o /home/shivansh/universe/math_project/.lake/build/lib/lean/MathProject/OntologicalFriction.olean -i /home/shivansh/universe/math_project/.lake/build/lib/lean/MathProject/OntologicalFriction.ilean -c /home/shivansh/universe/math_project/.lake/build/ir/MathProject/OntologicalFriction.c --setup /home/shivansh/universe/math_project/.lake/build/ir/MathProject/OntologicalFriction.setup.json --json",
   "level": "trace"}],
 "inputs":
 [["deps",
   [["math_project/MathProject:extraDep",
     [["@math_project:extraDep", "00000000000006bb"]]],
    ["imports",
     [["Mathlib.Data.Set.Finite.Basic transitive imports (legacy)",
       "9c2ca8ed56aa9466"],
      ["Mathlib.Data.Set.Finite.Basic:importAllArts", "d2c527f3e56d55c6"],
      ["Mathlib.Data.Fintype.Basic transitive imports (legacy)",
       "1620aed7f2e026bb"],
      ["Mathlib.Data.Fintype.Basic:importAllArts", "43159205f94a31f8"],
      ["Mathlib.Data.Rat.Defs transitive imports (legacy)", "b70b36eb5e7e2342"],
      ["Mathlib.Data.Rat.Defs:importAllArts", "68f8bee471295343"]]]]],
  ["libs",
   [["import dynlibs", "00000000000006bb"],
    ["package external libraries", "00000000000006bb"],
    ["module dynlibs", "00000000000006bb"],
    ["module plugins", "00000000000006bb"]]],
  ["Lean 4.33.1, commit 819816b2e0a3bf405af45ae5c7af2491d8f5bee6",
   "0051240b7c23c453"],
  ["/home/shivansh/universe/math_project/MathProject/OntologicalFriction.lean",
   "c68d1da74cc8716e"],
  ["options",
   [["-DmaxSynthPendingDepth=3", "c78e353d34de85d4"],
    ["-Dweak.linter.mathlibStandardSet=true", "8a155799906f2b42"],
    ["-DrelaxedAutoImplicit=false", "74a2b5546b55be80"],
    ["-Dpp.unicode.fun=true", "9b94070140457fab"]]],
  ["isModule: false", "feefd2a0d3a1847e"],
  ["Module.name: MathProject.OntologicalFriction", "feaa8a7d7cfd2216"],
  ["Package.id?: (some math_project)", "fb112de3ec82b296"],
  ["Module.leanArgs: #[]", "00000000000006bb"]],
 "depHash": "ca82527e9f1122a9"}