{"synthetic": false,
 "schemaVersion": "2025-09-10",
 "outputs":
 {"o": ["ee646a16635c1ea1.olean"],
  "m": false,
  "i": "1e6ef9f967277c37.ilean",
  "c": "feffc4ba923d2079.c"},
 "log":
 [{"message":
   ".> LEAN_PATH=/home/shivansh/universe/math_project/.lake/packages/Cli/.lake/build/lib/lean:/home/shivansh/universe/math_project/.lake/packages/batteries/.lake/build/lib/lean:/home/shivansh/universe/math_project/.lake/packages/Qq/.lake/build/lib/lean:/home/shivansh/universe/math_project/.lake/packages/aesop/.lake/build/lib/lean:/home/shivansh/universe/math_project/.lake/packages/proofwidgets/.lake/build/lib/lean:/home/shivansh/universe/math_project/.lake/packages/importGraph/.lake/build/lib/lean:/home/shivansh/universe/math_project/.lake/packages/LeanSearchClient/.lake/build/lib/lean:/home/shivansh/universe/math_project/.lake/packages/plausible/.lake/build/lib/lean:/home/shivansh/universe/math_project/.lake/packages/mathlib/.lake/build/lib/lean:/home/shivansh/universe/math_project/.lake/build/lib/lean /home/shivansh/.elan/toolchains/leanprover--lean4---v4.33.1/bin/lean /home/shivansh/universe/math_project/MathProject.lean -o /home/shivansh/universe/math_project/.lake/build/lib/lean/MathProject.olean -i /home/shivansh/universe/math_project/.lake/build/lib/lean/MathProject.ilean -c /home/shivansh/universe/math_project/.lake/build/ir/MathProject.c --setup /home/shivansh/universe/math_project/.lake/build/ir/MathProject.setup.json --json",
   "level": "trace"}],
 "inputs":
 [["deps",
   [["math_project/MathProject:extraDep",
     [["@math_project:extraDep", "00000000000006bb"]]],
    ["imports",
     [["MathProject.Basic transitive imports (legacy)", "00000000000006bb"],
      ["MathProject.Basic:importAllArts", "178b30999b9f3d99"],
      ["MathProject.OntologicalMachine transitive imports (legacy)",
       "c28e9f8419fec4b0"],
      ["MathProject.OntologicalMachine:importAllArts", "dcf891fff8e34176"],
      ["MathProject.OntologicalFriction transitive imports (legacy)",
       "833122ab792118d1"],
      ["MathProject.OntologicalFriction:importAllArts", "0898f3b15db6131d"],
      ["MathProject.CategoricalMachine transitive imports (legacy)",
       "854f8fab0954c75f"],
      ["MathProject.CategoricalMachine:importAllArts", "a82e33a9de0bc435"],
      ["MathProject.AdversarialTrap transitive imports (legacy)",
       "1b0eddf6401f1f2c"],
      ["MathProject.AdversarialTrap:importAllArts", "cfe214c5aa040343"],
      ["MathProject.CategoricalColimits transitive imports (legacy)",
       "538d32ab43f0219c"],
      ["MathProject.CategoricalColimits:importAllArts", "4ff2d43cb532fc71"],
      ["MathProject.MatroidFriction transitive imports (legacy)",
       "c0e30c82c3b91d36"],
      ["MathProject.MatroidFriction:importAllArts", "1d37a4d9e9f42a60"]]]]],
  ["libs",
   [["import dynlibs", "00000000000006bb"],
    ["package external libraries", "00000000000006bb"],
    ["module dynlibs", "00000000000006bb"],
    ["module plugins", "00000000000006bb"]]],
  ["Lean 4.33.1, commit 819816b2e0a3bf405af45ae5c7af2491d8f5bee6",
   "0051240b7c23c453"],
  ["/home/shivansh/universe/math_project/MathProject.lean", "19d5c8bb9f7f1fd0"],
  ["options",
   [["-DmaxSynthPendingDepth=3", "c78e353d34de85d4"],
    ["-Dweak.linter.mathlibStandardSet=true", "8a155799906f2b42"],
    ["-DrelaxedAutoImplicit=false", "74a2b5546b55be80"],
    ["-Dpp.unicode.fun=true", "9b94070140457fab"]]],
  ["isModule: false", "feefd2a0d3a1847e"],
  ["Module.name: MathProject", "c75b17f3d78a35e0"],
  ["Package.id?: (some math_project)", "fb112de3ec82b296"],
  ["Module.leanArgs: #[]", "00000000000006bb"]],
 "depHash": "6d5a06c59b28eee1"}